
> archive-assistant-dashboard@0.1.0 build
> tsc && vite build

[36mvite v8.0.16 [32mbuilding client environment for production...[36m[39m
[2K
transforming...Γ£ô 33 modules transformed.
rendering chunks...
computing gzip size...
dist/index.html                   0.52 kB Γöé gzip:  0.32 kB
dist/assets/index-8XvQNueA.css   22.39 kB Γöé gzip:  4.60 kB
dist/assets/index-CeQainDa.js   277.92 kB Γöé gzip: 77.60 kB

[32mΓ£ô built in 377ms[39m
